Archive member included to satisfy reference by file (symbol)

libs/k5_uv_system/libuv_k5_system.a(system.cpp.obj)
                              src/Single_Tone_Test_1200_Hz/CMakeFiles/Single_Tone_Test_1200_Hz.dir/main.cpp.obj (symbol from plugin) (System::CopyDataSection())
libs/k5_uv_system/libuv_k5_system.a(vtable.s.obj)
                              (VectorTable)
libs/k5_uv_system/libuv_k5_system.a(api.s.obj)
                              src/Single_Tone_Test_1200_Hz/CMakeFiles/Single_Tone_Test_1200_Hz.dir/main.cpp.obj (symbol from plugin) (FlushFramebufferToScreen)
c:/progra~2/gnuarm~1/102021~1.10/bin/../lib/gcc/arm-none-eabi/10.3.1/../../../../arm-none-eabi/lib/thumb/v6-m/nofp\libc_nano.a(lib_a-exit.o)
                              c:/progra~2/gnuarm~1/102021~1.10/bin/../lib/gcc/arm-none-eabi/10.3.1/../../../../arm-none-eabi/lib/thumb/v6-m/nofp/crt0.o (exit)
c:/progra~2/gnuarm~1/102021~1.10/bin/../lib/gcc/arm-none-eabi/10.3.1/../../../../arm-none-eabi/lib/thumb/v6-m/nofp\libc_nano.a(lib_a-impure.o)
                              c:/progra~2/gnuarm~1/102021~1.10/bin/../lib/gcc/arm-none-eabi/10.3.1/../../../../arm-none-eabi/lib/thumb/v6-m/nofp\libc_nano.a(lib_a-exit.o) (_global_impure_ptr)
c:/progra~2/gnuarm~1/102021~1.10/bin/../lib/gcc/arm-none-eabi/10.3.1/../../../../arm-none-eabi/lib/thumb/v6-m/nofp\libc_nano.a(lib_a-init.o)
                              c:/progra~2/gnuarm~1/102021~1.10/bin/../lib/gcc/arm-none-eabi/10.3.1/../../../../arm-none-eabi/lib/thumb/v6-m/nofp/crt0.o (__libc_init_array)
c:/progra~2/gnuarm~1/102021~1.10/bin/../lib/gcc/arm-none-eabi/10.3.1/../../../../arm-none-eabi/lib/thumb/v6-m/nofp\libc_nano.a(lib_a-memcpy-stub.o)
                              libs/k5_uv_system/libuv_k5_system.a(system.cpp.obj) (memcpy)
c:/progra~2/gnuarm~1/102021~1.10/bin/../lib/gcc/arm-none-eabi/10.3.1/../../../../arm-none-eabi/lib/thumb/v6-m/nofp\libc_nano.a(lib_a-memset.o)
                              c:/progra~2/gnuarm~1/102021~1.10/bin/../lib/gcc/arm-none-eabi/10.3.1/../../../../arm-none-eabi/lib/thumb/v6-m/nofp/crt0.o (memset)

Discarded input sections

 .text          0x00000000        0x0 c:/progra~2/gnuarm~1/102021~1.10/bin/../lib/gcc/arm-none-eabi/10.3.1/thumb/v6-m/nofp/crti.o
 .data          0x00000000        0x0 c:/progra~2/gnuarm~1/102021~1.10/bin/../lib/gcc/arm-none-eabi/10.3.1/thumb/v6-m/nofp/crti.o
 .bss           0x00000000        0x0 c:/progra~2/gnuarm~1/102021~1.10/bin/../lib/gcc/arm-none-eabi/10.3.1/thumb/v6-m/nofp/crti.o
 .data          0x00000000        0x4 c:/progra~2/gnuarm~1/102021~1.10/bin/../lib/gcc/arm-none-eabi/10.3.1/thumb/v6-m/nofp/crtbegin.o
 .rodata        0x00000000       0x24 c:/progra~2/gnuarm~1/102021~1.10/bin/../lib/gcc/arm-none-eabi/10.3.1/thumb/v6-m/nofp/crtbegin.o
 .text          0x00000000       0x80 c:/progra~2/gnuarm~1/102021~1.10/bin/../lib/gcc/arm-none-eabi/10.3.1/../../../../arm-none-eabi/lib/thumb/v6-m/nofp/crt0.o
 .data          0x00000000        0x0 c:/progra~2/gnuarm~1/102021~1.10/bin/../lib/gcc/arm-none-eabi/10.3.1/../../../../arm-none-eabi/lib/thumb/v6-m/nofp/crt0.o
 .bss           0x00000000        0x0 c:/progra~2/gnuarm~1/102021~1.10/bin/../lib/gcc/arm-none-eabi/10.3.1/../../../../arm-none-eabi/lib/thumb/v6-m/nofp/crt0.o
 .ARM.extab     0x00000000        0x0 c:/progra~2/gnuarm~1/102021~1.10/bin/../lib/gcc/arm-none-eabi/10.3.1/../../../../arm-none-eabi/lib/thumb/v6-m/nofp/crt0.o
 .ARM.exidx     0x00000000       0x10 c:/progra~2/gnuarm~1/102021~1.10/bin/../lib/gcc/arm-none-eabi/10.3.1/../../../../arm-none-eabi/lib/thumb/v6-m/nofp/crt0.o
 .ARM.attributes
                0x00000000       0x1b c:/progra~2/gnuarm~1/102021~1.10/bin/../lib/gcc/arm-none-eabi/10.3.1/../../../../arm-none-eabi/lib/thumb/v6-m/nofp/crt0.o
 .text          0x00000000        0x0 src/Single_Tone_Test_1200_Hz/CMakeFiles/Single_Tone_Test_1200_Hz.dir/dp32g030.s.obj
 .data          0x00000000        0x0 src/Single_Tone_Test_1200_Hz/CMakeFiles/Single_Tone_Test_1200_Hz.dir/dp32g030.s.obj
 .bss           0x00000000        0x0 src/Single_Tone_Test_1200_Hz/CMakeFiles/Single_Tone_Test_1200_Hz.dir/dp32g030.s.obj
 .text.Reset_Handler
                0x00000000       0x10 src/Single_Tone_Test_1200_Hz/CMakeFiles/Single_Tone_Test_1200_Hz.dir/dp32g030.s.obj
 .ARM.attributes
                0x00000000       0x21 src/Single_Tone_Test_1200_Hz/CMakeFiles/Single_Tone_Test_1200_Hz.dir/dp32g030.s.obj
 .org_vectors   0x00000000       0xc0 src/orginal_fw/org_vectors.o
 .org_bootloader
                0x00000000     0x1000 src/orginal_fw/org_bootloader.o
 .text          0x00000000        0x0 libs/k5_uv_system/libuv_k5_system.a(system.cpp.obj)
 .data          0x00000000        0x0 libs/k5_uv_system/libuv_k5_system.a(system.cpp.obj)
 .bss           0x00000000        0x0 libs/k5_uv_system/libuv_k5_system.a(system.cpp.obj)
 .text.__wrap___udivsi3
                0x00000000        0x8 libs/k5_uv_system/libuv_k5_system.a(system.cpp.obj)
 .text          0x00000000        0x0 libs/k5_uv_system/libuv_k5_system.a(vtable.s.obj)
 .data          0x00000000        0x0 libs/k5_uv_system/libuv_k5_system.a(vtable.s.obj)
 .bss           0x00000000        0x0 libs/k5_uv_system/libuv_k5_system.a(vtable.s.obj)
 .text          0x00000000        0x0 libs/k5_uv_system/libuv_k5_system.a(api.s.obj)
 .data          0x00000000        0x0 libs/k5_uv_system/libuv_k5_system.a(api.s.obj)
 .bss           0x00000000        0x0 libs/k5_uv_system/libuv_k5_system.a(api.s.obj)
 .ARM.attributes
                0x00000000       0x1c libs/k5_uv_system/libuv_k5_system.a(api.s.obj)
 .text          0x00000000        0x0 c:/progra~2/gnuarm~1/102021~1.10/bin/../lib/gcc/arm-none-eabi/10.3.1/../../../../arm-none-eabi/lib/thumb/v6-m/nofp\libc_nano.a(lib_a-exit.o)
 .data          0x00000000        0x0 c:/progra~2/gnuarm~1/102021~1.10/bin/../lib/gcc/arm-none-eabi/10.3.1/../../../../arm-none-eabi/lib/thumb/v6-m/nofp\libc_nano.a(lib_a-exit.o)
 .bss           0x00000000        0x0 c:/progra~2/gnuarm~1/102021~1.10/bin/../lib/gcc/arm-none-eabi/10.3.1/../../../../arm-none-eabi/lib/thumb/v6-m/nofp\libc_nano.a(lib_a-exit.o)
 .text.exit     0x00000000       0x2c c:/progra~2/gnuarm~1/102021~1.10/bin/../lib/gcc/arm-none-eabi/10.3.1/../../../../arm-none-eabi/lib/thumb/v6-m/nofp\libc_nano.a(lib_a-exit.o)
 .debug_frame   0x00000000       0x28 c:/progra~2/gnuarm~1/102021~1.10/bin/../lib/gcc/arm-none-eabi/10.3.1/../../../../arm-none-eabi/lib/thumb/v6-m/nofp\libc_nano.a(lib_a-exit.o)
 .ARM.attributes
                0x00000000       0x2c c:/progra~2/gnuarm~1/102021~1.10/bin/../lib/gcc/arm-none-eabi/10.3.1/../../../../arm-none-eabi/lib/thumb/v6-m/nofp\libc_nano.a(lib_a-exit.o)
 .text          0x00000000        0x0 c:/progra~2/gnuarm~1/102021~1.10/bin/../lib/gcc/arm-none-eabi/10.3.1/../../../../arm-none-eabi/lib/thumb/v6-m/nofp\libc_nano.a(lib_a-impure.o)
 .data          0x00000000        0x0 c:/progra~2/gnuarm~1/102021~1.10/bin/../lib/gcc/arm-none-eabi/10.3.1/../../../../arm-none-eabi/lib/thumb/v6-m/nofp\libc_nano.a(lib_a-impure.o)
 .bss           0x00000000        0x0 c:/progra~2/gnuarm~1/102021~1.10/bin/../lib/gcc/arm-none-eabi/10.3.1/../../../../arm-none-eabi/lib/thumb/v6-m/nofp\libc_nano.a(lib_a-impure.o)
 .data._impure_ptr
                0x00000000        0x4 c:/progra~2/gnuarm~1/102021~1.10/bin/../lib/gcc/arm-none-eabi/10.3.1/../../../../arm-none-eabi/lib/thumb/v6-m/nofp\libc_nano.a(lib_a-impure.o)
 .data.impure_data
                0x00000000       0x60 c:/progra~2/gnuarm~1/102021~1.10/bin/../lib/gcc/arm-none-eabi/10.3.1/../../../../arm-none-eabi/lib/thumb/v6-m/nofp\libc_nano.a(lib_a-impure.o)
 .rodata._global_impure_ptr
                0x00000000        0x4 c:/progra~2/gnuarm~1/102021~1.10/bin/../lib/gcc/arm-none-eabi/10.3.1/../../../../arm-none-eabi/lib/thumb/v6-m/nofp\libc_nano.a(lib_a-impure.o)
 .ARM.attributes
                0x00000000       0x2c c:/progra~2/gnuarm~1/102021~1.10/bin/../lib/gcc/arm-none-eabi/10.3.1/../../../../arm-none-eabi/lib/thumb/v6-m/nofp\libc_nano.a(lib_a-impure.o)
 .text          0x00000000        0x0 c:/progra~2/gnuarm~1/102021~1.10/bin/../lib/gcc/arm-none-eabi/10.3.1/../../../../arm-none-eabi/lib/thumb/v6-m/nofp\libc_nano.a(lib_a-init.o)
 .data          0x00000000        0x0 c:/progra~2/gnuarm~1/102021~1.10/bin/../lib/gcc/arm-none-eabi/10.3.1/../../../../arm-none-eabi/lib/thumb/v6-m/nofp\libc_nano.a(lib_a-init.o)
 .bss           0x00000000        0x0 c:/progra~2/gnuarm~1/102021~1.10/bin/../lib/gcc/arm-none-eabi/10.3.1/../../../../arm-none-eabi/lib/thumb/v6-m/nofp\libc_nano.a(lib_a-init.o)
 .text          0x00000000        0x0 c:/progra~2/gnuarm~1/102021~1.10/bin/../lib/gcc/arm-none-eabi/10.3.1/../../../../arm-none-eabi/lib/thumb/v6-m/nofp\libc_nano.a(lib_a-memcpy-stub.o)
 .data          0x00000000        0x0 c:/progra~2/gnuarm~1/102021~1.10/bin/../lib/gcc/arm-none-eabi/10.3.1/../../../../arm-none-eabi/lib/thumb/v6-m/nofp\libc_nano.a(lib_a-memcpy-stub.o)
 .bss           0x00000000        0x0 c:/progra~2/gnuarm~1/102021~1.10/bin/../lib/gcc/arm-none-eabi/10.3.1/../../../../arm-none-eabi/lib/thumb/v6-m/nofp\libc_nano.a(lib_a-memcpy-stub.o)
 .text          0x00000000        0x0 c:/progra~2/gnuarm~1/102021~1.10/bin/../lib/gcc/arm-none-eabi/10.3.1/../../../../arm-none-eabi/lib/thumb/v6-m/nofp\libc_nano.a(lib_a-memset.o)
 .data          0x00000000        0x0 c:/progra~2/gnuarm~1/102021~1.10/bin/../lib/gcc/arm-none-eabi/10.3.1/../../../../arm-none-eabi/lib/thumb/v6-m/nofp\libc_nano.a(lib_a-memset.o)
 .bss           0x00000000        0x0 c:/progra~2/gnuarm~1/102021~1.10/bin/../lib/gcc/arm-none-eabi/10.3.1/../../../../arm-none-eabi/lib/thumb/v6-m/nofp\libc_nano.a(lib_a-memset.o)
 .text          0x00000000        0x0 c:/progra~2/gnuarm~1/102021~1.10/bin/../lib/gcc/arm-none-eabi/10.3.1/thumb/v6-m/nofp/crtend.o
 .data          0x00000000        0x0 c:/progra~2/gnuarm~1/102021~1.10/bin/../lib/gcc/arm-none-eabi/10.3.1/thumb/v6-m/nofp/crtend.o
 .bss           0x00000000        0x0 c:/progra~2/gnuarm~1/102021~1.10/bin/../lib/gcc/arm-none-eabi/10.3.1/thumb/v6-m/nofp/crtend.o
 .rodata        0x00000000       0x24 c:/progra~2/gnuarm~1/102021~1.10/bin/../lib/gcc/arm-none-eabi/10.3.1/thumb/v6-m/nofp/crtend.o
 .eh_frame      0x00000000        0x4 c:/progra~2/gnuarm~1/102021~1.10/bin/../lib/gcc/arm-none-eabi/10.3.1/thumb/v6-m/nofp/crtend.o
 .ARM.attributes
                0x00000000       0x2c c:/progra~2/gnuarm~1/102021~1.10/bin/../lib/gcc/arm-none-eabi/10.3.1/thumb/v6-m/nofp/crtend.o
 .text          0x00000000        0x0 c:/progra~2/gnuarm~1/102021~1.10/bin/../lib/gcc/arm-none-eabi/10.3.1/thumb/v6-m/nofp/crtn.o
 .data          0x00000000        0x0 c:/progra~2/gnuarm~1/102021~1.10/bin/../lib/gcc/arm-none-eabi/10.3.1/thumb/v6-m/nofp/crtn.o
 .bss           0x00000000        0x0 c:/progra~2/gnuarm~1/102021~1.10/bin/../lib/gcc/arm-none-eabi/10.3.1/thumb/v6-m/nofp/crtn.o

Memory Configuration

Name             Origin             Length             Attributes
RAM              0x2000138c         0x00000100         xrw
FLASH            0x00000000         0x0000f000         xr
*default*        0x00000000         0xffffffff

Linker script and memory map

LOAD c:/progra~2/gnuarm~1/102021~1.10/bin/../lib/gcc/arm-none-eabi/10.3.1/thumb/v6-m/nofp/crti.o
LOAD c:/progra~2/gnuarm~1/102021~1.10/bin/../lib/gcc/arm-none-eabi/10.3.1/thumb/v6-m/nofp/crtbegin.o
LOAD c:/progra~2/gnuarm~1/102021~1.10/bin/../lib/gcc/arm-none-eabi/10.3.1/../../../../arm-none-eabi/lib/thumb/v6-m/nofp/crt0.o
LOAD c:/progra~2/gnuarm~1/102021~1.10/bin/../lib/gcc/arm-none-eabi/10.3.1/../../../../arm-none-eabi/lib/thumb/v6-m/nofp\libnosys.a
LOAD src/Single_Tone_Test_1200_Hz/CMakeFiles/Single_Tone_Test_1200_Hz.dir/main.cpp.obj
LOAD C:\Users\nsv47\AppData\Local\Temp\Single_Tone_Test_1200_Hz.vkqTbn.ltrans0.ltrans.o
LOAD src/Single_Tone_Test_1200_Hz/CMakeFiles/Single_Tone_Test_1200_Hz.dir/hardware/hardware.cpp.obj
LOAD src/Single_Tone_Test_1200_Hz/CMakeFiles/Single_Tone_Test_1200_Hz.dir/dp32g030.s.obj
LOAD src/orginal_fw/org_vectors.o
LOAD src/orginal_fw/org_bootloader.o
LOAD src/orginal_fw/org_fw_rest.o
LOAD libs/k5_uv_system/libuv_k5_system.a
LOAD libs/lcd/liblcd.a
LOAD libs/keyboard/libkeyboard.a
LOAD libs/k5_uv_system/libuv_k5_system.a
LOAD c:/progra~2/gnuarm~1/102021~1.10/bin/../lib/gcc/arm-none-eabi/10.3.1/../../../../arm-none-eabi/lib/thumb/v6-m/nofp\libstdc++_nano.a
LOAD c:/progra~2/gnuarm~1/102021~1.10/bin/../lib/gcc/arm-none-eabi/10.3.1/../../../../arm-none-eabi/lib/thumb/v6-m/nofp\libm.a
LOAD c:/progra~2/gnuarm~1/102021~1.10/bin/../lib/gcc/arm-none-eabi/10.3.1/../../../../arm-none-eabi/lib/thumb/v6-m/nofp\libc_nano.a
START GROUP
LOAD c:/progra~2/gnuarm~1/102021~1.10/bin/../lib/gcc/arm-none-eabi/10.3.1/thumb/v6-m/nofp\libgcc.a
LOAD c:/progra~2/gnuarm~1/102021~1.10/bin/../lib/gcc/arm-none-eabi/10.3.1/../../../../arm-none-eabi/lib/thumb/v6-m/nofp\libc_nano.a
END GROUP
START GROUP
LOAD c:/progra~2/gnuarm~1/102021~1.10/bin/../lib/gcc/arm-none-eabi/10.3.1/thumb/v6-m/nofp\libgcc.a
LOAD c:/progra~2/gnuarm~1/102021~1.10/bin/../lib/gcc/arm-none-eabi/10.3.1/../../../../arm-none-eabi/lib/thumb/v6-m/nofp\libc_nano.a
END GROUP
LOAD c:/progra~2/gnuarm~1/102021~1.10/bin/../lib/gcc/arm-none-eabi/10.3.1/thumb/v6-m/nofp/crtend.o
LOAD c:/progra~2/gnuarm~1/102021~1.10/bin/../lib/gcc/arm-none-eabi/10.3.1/thumb/v6-m/nofp/crtn.o
                0x20001388                _estack = 0x20001388
                0x00000000                . = 0x0

.isr_vectors    0x00000000       0xc0
                0x00000000                . = ALIGN (0x4)
 *(.isr_vectors)
 .isr_vectors   0x00000000       0xc0 libs/k5_uv_system/libuv_k5_system.a(vtable.s.obj)
                0x00000000                VectorTable
                0x000000c0                . = ALIGN (0x4)

.eh_frame       0x000000c0        0x0
 .eh_frame      0x000000c0        0x0 c:/progra~2/gnuarm~1/102021~1.10/bin/../lib/gcc/arm-none-eabi/10.3.1/thumb/v6-m/nofp/crtbegin.o

.org_fw_rest    0x000000c0     0xe460
                0x000000c0                . = ALIGN (0x4)
 *(.org_fw_rest)
 .org_fw_rest   0x000000c0     0xe460 src/orginal_fw/org_fw_rest.o
                0x000000c0                _binary_org_fw_rest_bin_start
                0x0000e520                _binary_org_fw_rest_bin_end

.text           0x0000e520      0x2f8
                0x0000e520                . = ALIGN (0x4)
 *(.text)
 .text          0x0000e520       0x48 c:/progra~2/gnuarm~1/102021~1.10/bin/../lib/gcc/arm-none-eabi/10.3.1/thumb/v6-m/nofp/crtbegin.o
 .text          0x0000e568      0x178 C:\Users\nsv47\AppData\Local\Temp\Single_Tone_Test_1200_Hz.vkqTbn.ltrans0.ltrans.o
                0x0000e5d0                Reset_Handler
                0x0000e5d8                SysTick_Handler
 *(.text*)
 .text.startup  0x0000e6e0       0x48 C:\Users\nsv47\AppData\Local\Temp\Single_Tone_Test_1200_Hz.vkqTbn.ltrans0.ltrans.o
                0x0000e6e0                main
 .text._ZN6System15CopyDataSectionEv
                0x0000e728       0x2c libs/k5_uv_system/libuv_k5_system.a(system.cpp.obj)
                0x0000e728                System::CopyDataSection()
 .text.__libc_init_array
                0x0000e754       0x48 c:/progra~2/gnuarm~1/102021~1.10/bin/../lib/gcc/arm-none-eabi/10.3.1/../../../../arm-none-eabi/lib/thumb/v6-m/nofp\libc_nano.a(lib_a-init.o)
                0x0000e754                __libc_init_array
 .text.memcpy   0x0000e79c       0x12 c:/progra~2/gnuarm~1/102021~1.10/bin/../lib/gcc/arm-none-eabi/10.3.1/../../../../arm-none-eabi/lib/thumb/v6-m/nofp\libc_nano.a(lib_a-memcpy-stub.o)
                0x0000e79c                memcpy
 .text.memset   0x0000e7ae       0x10 c:/progra~2/gnuarm~1/102021~1.10/bin/../lib/gcc/arm-none-eabi/10.3.1/../../../../arm-none-eabi/lib/thumb/v6-m/nofp\libc_nano.a(lib_a-memset.o)
                0x0000e7ae                memset
 *(.rodata)
 *fill*         0x0000e7be        0x2 
 .rodata        0x0000e7c0       0x30 C:\Users\nsv47\AppData\Local\Temp\Single_Tone_Test_1200_Hz.vkqTbn.ltrans0.ltrans.o
 *(.rodata*)
 .rodata.str1.1
                0x0000e7f0        0xe C:\Users\nsv47\AppData\Local\Temp\Single_Tone_Test_1200_Hz.vkqTbn.ltrans0.ltrans.o
 *(.init)
 *fill*         0x0000e7fe        0x2 
 .init          0x0000e800        0x4 c:/progra~2/gnuarm~1/102021~1.10/bin/../lib/gcc/arm-none-eabi/10.3.1/thumb/v6-m/nofp/crti.o
                0x0000e800                _init
 .init          0x0000e804        0x8 c:/progra~2/gnuarm~1/102021~1.10/bin/../lib/gcc/arm-none-eabi/10.3.1/thumb/v6-m/nofp/crtn.o
 *(.fini)
 .fini          0x0000e80c        0x4 c:/progra~2/gnuarm~1/102021~1.10/bin/../lib/gcc/arm-none-eabi/10.3.1/thumb/v6-m/nofp/crti.o
                0x0000e80c                _fini
 .fini          0x0000e810        0x8 c:/progra~2/gnuarm~1/102021~1.10/bin/../lib/gcc/arm-none-eabi/10.3.1/thumb/v6-m/nofp/crtn.o
                0x0000e818                . = ALIGN (0x4)

.glue_7         0x0000e818        0x0
 .glue_7        0x0000e818        0x0 linker stubs

.glue_7t        0x0000e818        0x0
 .glue_7t       0x0000e818        0x0 linker stubs

.vfp11_veneer   0x0000e818        0x0
 .vfp11_veneer  0x0000e818        0x0 linker stubs

.v4_bx          0x0000e818        0x0
 .v4_bx         0x0000e818        0x0 linker stubs

.iplt           0x0000e818        0x0
 .iplt          0x0000e818        0x0 c:/progra~2/gnuarm~1/102021~1.10/bin/../lib/gcc/arm-none-eabi/10.3.1/thumb/v6-m/nofp/crtbegin.o

.rel.dyn        0x0000e818        0x0
 .rel.iplt      0x0000e818        0x0 c:/progra~2/gnuarm~1/102021~1.10/bin/../lib/gcc/arm-none-eabi/10.3.1/thumb/v6-m/nofp/crtbegin.o

.preinit_array  0x0000e818        0x0
                0x0000e818                __preinit_array_start = .
 *(.preinit_array*)
                0x0000e818                __preinit_array_end = .

.init_array     0x0000e818        0x8
                0x0000e818                __init_array_start = .
 *(SORT_BY_NAME(.init_array.*))
 *(.init_array*)
 .init_array    0x0000e818        0x4 c:/progra~2/gnuarm~1/102021~1.10/bin/../lib/gcc/arm-none-eabi/10.3.1/thumb/v6-m/nofp/crtbegin.o
 .init_array    0x0000e81c        0x4 C:\Users\nsv47\AppData\Local\Temp\Single_Tone_Test_1200_Hz.vkqTbn.ltrans0.ltrans.o
                0x0000e820                __init_array_end = .

.fini_array     0x0000e820        0x4
                [!provide]                PROVIDE (__fini_array_start = .)
 *(SORT_BY_NAME(.fini_array.*))
 *(.fini_array*)
 .fini_array    0x0000e820        0x4 c:/progra~2/gnuarm~1/102021~1.10/bin/../lib/gcc/arm-none-eabi/10.3.1/thumb/v6-m/nofp/crtbegin.o
                [!provide]                PROVIDE (__fini_array_end = .)
                0x0000e824                . = ALIGN (0x4)
                0x0000e824                _flash_data_start = .
                0x0000e824                _sidata = LOADADDR (.data)

.data           0x2000138c        0x4 load address 0x0000e824
                0x2000138c                . = ALIGN (0x4)
                0x2000138c                _sdata = .
 *(.data)
 .data          0x2000138c        0x4 C:\Users\nsv47\AppData\Local\Temp\Single_Tone_Test_1200_Hz.vkqTbn.ltrans0.ltrans.o
 *(.data*)
 *(.ramsection)
                0x20001390                _edata = .

.igot.plt       0x20001390        0x0 load address 0x0000e828
 .igot.plt      0x20001390        0x0 c:/progra~2/gnuarm~1/102021~1.10/bin/../lib/gcc/arm-none-eabi/10.3.1/thumb/v6-m/nofp/crtbegin.o

.bss            0x20001390       0x40 load address 0x0000e828
                0x20001390                . = ALIGN (0x4)
                0x20001390                _sbss = .
 *(.bss)
 .bss           0x20001390       0x1c c:/progra~2/gnuarm~1/102021~1.10/bin/../lib/gcc/arm-none-eabi/10.3.1/thumb/v6-m/nofp/crtbegin.o
 .bss           0x200013ac       0x24 C:\Users\nsv47\AppData\Local\Temp\Single_Tone_Test_1200_Hz.vkqTbn.ltrans0.ltrans.o
                0x200013d0                _ebss = .
OUTPUT(src\Single_Tone_Test_1200_Hz\Single_Tone_Test_1200_Hz elf32-littlearm)
LOAD linker stubs

.ARM.attributes
                0x00000000       0x28
 .ARM.attributes
                0x00000000       0x1e c:/progra~2/gnuarm~1/102021~1.10/bin/../lib/gcc/arm-none-eabi/10.3.1/thumb/v6-m/nofp/crti.o
 .ARM.attributes
                0x0000001e       0x2c c:/progra~2/gnuarm~1/102021~1.10/bin/../lib/gcc/arm-none-eabi/10.3.1/thumb/v6-m/nofp/crtbegin.o
 .ARM.attributes
                0x0000004a       0x2a C:\Users\nsv47\AppData\Local\Temp\Single_Tone_Test_1200_Hz.vkqTbn.ltrans0.ltrans.o
 .ARM.attributes
                0x00000074       0x2c libs/k5_uv_system/libuv_k5_system.a(system.cpp.obj)
 .ARM.attributes
                0x000000a0       0x21 libs/k5_uv_system/libuv_k5_system.a(vtable.s.obj)
 .ARM.attributes
                0x000000c1       0x2c c:/progra~2/gnuarm~1/102021~1.10/bin/../lib/gcc/arm-none-eabi/10.3.1/../../../../arm-none-eabi/lib/thumb/v6-m/nofp\libc_nano.a(lib_a-init.o)
 .ARM.attributes
                0x000000ed       0x2c c:/progra~2/gnuarm~1/102021~1.10/bin/../lib/gcc/arm-none-eabi/10.3.1/../../../../arm-none-eabi/lib/thumb/v6-m/nofp\libc_nano.a(lib_a-memcpy-stub.o)
 .ARM.attributes
                0x00000119       0x2c c:/progra~2/gnuarm~1/102021~1.10/bin/../lib/gcc/arm-none-eabi/10.3.1/../../../../arm-none-eabi/lib/thumb/v6-m/nofp\libc_nano.a(lib_a-memset.o)
 .ARM.attributes
                0x00000145       0x1e c:/progra~2/gnuarm~1/102021~1.10/bin/../lib/gcc/arm-none-eabi/10.3.1/thumb/v6-m/nofp/crtn.o

.comment        0x00000000       0x49
 .comment       0x00000000       0x4a C:\Users\nsv47\AppData\Local\Temp\Single_Tone_Test_1200_Hz.vkqTbn.ltrans0.ltrans.o
 .comment       0x00000000       0x49 libs/k5_uv_system/libuv_k5_system.a(system.cpp.obj)
                                 0x4a (size before relaxing)

.debug_frame    0x00000000       0x74
 .debug_frame   0x00000000       0x2c c:/progra~2/gnuarm~1/102021~1.10/bin/../lib/gcc/arm-none-eabi/10.3.1/../../../../arm-none-eabi/lib/thumb/v6-m/nofp\libc_nano.a(lib_a-init.o)
 .debug_frame   0x0000002c       0x28 c:/progra~2/gnuarm~1/102021~1.10/bin/../lib/gcc/arm-none-eabi/10.3.1/../../../../arm-none-eabi/lib/thumb/v6-m/nofp\libc_nano.a(lib_a-memcpy-stub.o)
 .debug_frame   0x00000054       0x20 c:/progra~2/gnuarm~1/102021~1.10/bin/../lib/gcc/arm-none-eabi/10.3.1/../../../../arm-none-eabi/lib/thumb/v6-m/nofp\libc_nano.a(lib_a-memset.o)

Cross Reference Table

Symbol                                            File
AdcReadout                                        libs/k5_uv_system/libuv_k5_system.a(api.s.obj)
AirCopy72                                         libs/k5_uv_system/libuv_k5_system.a(api.s.obj)
AirCopyFskSetup                                   libs/k5_uv_system/libuv_k5_system.a(api.s.obj)
BK4819ConfigureAndStartRxFsk                      libs/k5_uv_system/libuv_k5_system.a(api.s.obj)
BK4819ConfigureAndStartTxFsk                      libs/k5_uv_system/libuv_k5_system.a(api.s.obj)
BK4819Read                                        libs/k5_uv_system/libuv_k5_system.a(api.s.obj)
BK4819Reset                                       libs/k5_uv_system/libuv_k5_system.a(api.s.obj)
BK4819SetChannelBandwidth                         libs/k5_uv_system/libuv_k5_system.a(api.s.obj)
BK4819SetGpio                                     libs/k5_uv_system/libuv_k5_system.a(api.s.obj)
BK4819SetPaGain                                   libs/k5_uv_system/libuv_k5_system.a(api.s.obj)
BK4819Write                                       libs/k5_uv_system/libuv_k5_system.a(api.s.obj)
BK4819WriteFrequency                              libs/k5_uv_system/libuv_k5_system.a(api.s.obj)
CDisplay<TUV_K5Display const>::Print(char const*) const src/Single_Tone_Test_1200_Hz/CMakeFiles/Single_Tone_Test_1200_Hz.dir/main.cpp.obj (symbol from plugin)
CDisplay<TUV_K5Display const>::PrintCharacter(char) const src/Single_Tone_Test_1200_Hz/CMakeFiles/Single_Tone_Test_1200_Hz.dir/main.cpp.obj (symbol from plugin)
CSingle_Tone_Test_1200_Hz::CSingle_Tone_Test_1200_Hz() src/Single_Tone_Test_1200_Hz/CMakeFiles/Single_Tone_Test_1200_Hz.dir/main.cpp.obj (symbol from plugin)
CSingle_Tone_Test_1200_Hz::CSingle_Tone_Test_1200_Hz() src/Single_Tone_Test_1200_Hz/CMakeFiles/Single_Tone_Test_1200_Hz.dir/main.cpp.obj (symbol from plugin)
CSingle_Tone_Test_1200_Hz::Handle()               src/Single_Tone_Test_1200_Hz/CMakeFiles/Single_Tone_Test_1200_Hz.dir/main.cpp.obj (symbol from plugin)
ConfigureTrimValuesFromNVR                        libs/k5_uv_system/libuv_k5_system.a(api.s.obj)
DelayMs                                           libs/k5_uv_system/libuv_k5_system.a(api.s.obj)
DelayUs                                           libs/k5_uv_system/libuv_k5_system.a(api.s.obj)
FLASH_Init                                        libs/k5_uv_system/libuv_k5_system.a(api.s.obj)
FLASH_IsBusy                                      libs/k5_uv_system/libuv_k5_system.a(api.s.obj)
FLASH_IsInitBusy                                  libs/k5_uv_system/libuv_k5_system.a(api.s.obj)
FLASH_Lock                                        libs/k5_uv_system/libuv_k5_system.a(api.s.obj)
FLASH_MaskLock                                    libs/k5_uv_system/libuv_k5_system.a(api.s.obj)
FLASH_MaskUnlock                                  libs/k5_uv_system/libuv_k5_system.a(api.s.obj)
FLASH_ReadByAHB                                   libs/k5_uv_system/libuv_k5_system.a(api.s.obj)
FLASH_ReadByAPB                                   libs/k5_uv_system/libuv_k5_system.a(api.s.obj)
FLASH_ReadNvrWord                                 libs/k5_uv_system/libuv_k5_system.a(api.s.obj)
FLASH_RebootToBootloader                          libs/k5_uv_system/libuv_k5_system.a(api.s.obj)
FLASH_SetEraseTime                                libs/k5_uv_system/libuv_k5_system.a(api.s.obj)
FLASH_SetMaskSel                                  libs/k5_uv_system/libuv_k5_system.a(api.s.obj)
FLASH_SetMode                                     libs/k5_uv_system/libuv_k5_system.a(api.s.obj)
FLASH_SetProgramTime                              libs/k5_uv_system/libuv_k5_system.a(api.s.obj)
FLASH_SetReadMode                                 libs/k5_uv_system/libuv_k5_system.a(api.s.obj)
FLASH_Set_NVR_SEL                                 libs/k5_uv_system/libuv_k5_system.a(api.s.obj)
FLASH_Start                                       libs/k5_uv_system/libuv_k5_system.a(api.s.obj)
FLASH_Unlock                                      libs/k5_uv_system/libuv_k5_system.a(api.s.obj)
FLASH_WakeFromDeepSleep                           libs/k5_uv_system/libuv_k5_system.a(api.s.obj)
FlushFramebufferToScreen                          libs/k5_uv_system/libuv_k5_system.a(api.s.obj)
                                                  C:\Users\nsv47\AppData\Local\Temp\Single_Tone_Test_1200_Hz.vkqTbn.ltrans0.ltrans.o
                                                  src/Single_Tone_Test_1200_Hz/CMakeFiles/Single_Tone_Test_1200_Hz.dir/main.cpp.obj (symbol from plugin)
FlushStatusbarBufferToScreen                      libs/k5_uv_system/libuv_k5_system.a(api.s.obj)
FormatString                                      libs/k5_uv_system/libuv_k5_system.a(api.s.obj)
Hardware::TFlashLight::BlinkSync(unsigned char)   src/Single_Tone_Test_1200_Hz/CMakeFiles/Single_Tone_Test_1200_Hz.dir/hardware/hardware.cpp.obj (symbol from plugin)
Hardware::TFlashLight::Off()                      src/Single_Tone_Test_1200_Hz/CMakeFiles/Single_Tone_Test_1200_Hz.dir/hardware/hardware.cpp.obj (symbol from plugin)
Hardware::TFlashLight::On()                       src/Single_Tone_Test_1200_Hz/CMakeFiles/Single_Tone_Test_1200_Hz.dir/hardware/hardware.cpp.obj (symbol from plugin)
Hardware::TFlashLight::Toggle()                   src/Single_Tone_Test_1200_Hz/CMakeFiles/Single_Tone_Test_1200_Hz.dir/hardware/hardware.cpp.obj (symbol from plugin)
Hardware::TPower::EnableDbg()                     src/Single_Tone_Test_1200_Hz/CMakeFiles/Single_Tone_Test_1200_Hz.dir/hardware/hardware.cpp.obj (symbol from plugin)
Hardware::TSystem::Delay(unsigned int)            src/Single_Tone_Test_1200_Hz/CMakeFiles/Single_Tone_Test_1200_Hz.dir/hardware/hardware.cpp.obj (symbol from plugin)
IRQ_RESET                                         libs/k5_uv_system/libuv_k5_system.a(api.s.obj)
                                                  C:\Users\nsv47\AppData\Local\Temp\Single_Tone_Test_1200_Hz.vkqTbn.ltrans0.ltrans.o
                                                  src/Single_Tone_Test_1200_Hz/CMakeFiles/Single_Tone_Test_1200_Hz.dir/main.cpp.obj (symbol from plugin)
IRQ_SYSTICK                                       libs/k5_uv_system/libuv_k5_system.a(api.s.obj)
                                                  C:\Users\nsv47\AppData\Local\Temp\Single_Tone_Test_1200_Hz.vkqTbn.ltrans0.ltrans.o
                                                  src/Single_Tone_Test_1200_Hz/CMakeFiles/Single_Tone_Test_1200_Hz.dir/main.cpp.obj (symbol from plugin)
IntDivide                                         libs/k5_uv_system/libuv_k5_system.a(api.s.obj)
                                                  libs/k5_uv_system/libuv_k5_system.a(system.cpp.obj)
PollKeyboard                                      libs/k5_uv_system/libuv_k5_system.a(api.s.obj)
                                                  C:\Users\nsv47\AppData\Local\Temp\Single_Tone_Test_1200_Hz.vkqTbn.ltrans0.ltrans.o
                                                  src/Single_Tone_Test_1200_Hz/CMakeFiles/Single_Tone_Test_1200_Hz.dir/main.cpp.obj (symbol from plugin)
PrintFrequency                                    libs/k5_uv_system/libuv_k5_system.a(api.s.obj)
PrintSmallDigits                                  libs/k5_uv_system/libuv_k5_system.a(api.s.obj)
PrintTextOnScreen                                 libs/k5_uv_system/libuv_k5_system.a(api.s.obj)
Reset_Handler                                     C:\Users\nsv47\AppData\Local\Temp\Single_Tone_Test_1200_Hz.vkqTbn.ltrans0.ltrans.o
                                                  src/Single_Tone_Test_1200_Hz/CMakeFiles/Single_Tone_Test_1200_Hz.dir/dp32g030.s.obj
                                                  src/Single_Tone_Test_1200_Hz/CMakeFiles/Single_Tone_Test_1200_Hz.dir/main.cpp.obj (symbol from plugin)
                                                  libs/k5_uv_system/libuv_k5_system.a(vtable.s.obj)
Single_Tone_Test_1200_Hz                          src/Single_Tone_Test_1200_Hz/CMakeFiles/Single_Tone_Test_1200_Hz.dir/main.cpp.obj (symbol from plugin)
SomeAmStuff                                       libs/k5_uv_system/libuv_k5_system.a(api.s.obj)
Strlen                                            libs/k5_uv_system/libuv_k5_system.a(api.s.obj)
                                                  C:\Users\nsv47\AppData\Local\Temp\Single_Tone_Test_1200_Hz.vkqTbn.ltrans0.ltrans.o
                                                  src/Single_Tone_Test_1200_Hz/CMakeFiles/Single_Tone_Test_1200_Hz.dir/main.cpp.obj (symbol from plugin)
SysTick_Handler                                   C:\Users\nsv47\AppData\Local\Temp\Single_Tone_Test_1200_Hz.vkqTbn.ltrans0.ltrans.o
                                                  src/Single_Tone_Test_1200_Hz/CMakeFiles/Single_Tone_Test_1200_Hz.dir/main.cpp.obj (symbol from plugin)
                                                  libs/k5_uv_system/libuv_k5_system.a(vtable.s.obj)
System::CopyDataSection()                         libs/k5_uv_system/libuv_k5_system.a(system.cpp.obj)
                                                  C:\Users\nsv47\AppData\Local\Temp\Single_Tone_Test_1200_Hz.vkqTbn.ltrans0.ltrans.o
                                                  src/Single_Tone_Test_1200_Hz/CMakeFiles/Single_Tone_Test_1200_Hz.dir/main.cpp.obj (symbol from plugin)
SystemReset                                       libs/k5_uv_system/libuv_k5_system.a(api.s.obj)
TUV_K5Display::ClearAll()                         src/Single_Tone_Test_1200_Hz/CMakeFiles/Single_Tone_Test_1200_Hz.dir/main.cpp.obj (symbol from plugin)
TUV_K5Display::GetCoursorData(unsigned short) const src/Single_Tone_Test_1200_Hz/CMakeFiles/Single_Tone_Test_1200_Hz.dir/main.cpp.obj (symbol from plugin)
TUV_K5Display::GetPixel(unsigned char, unsigned char) const src/Single_Tone_Test_1200_Hz/CMakeFiles/Single_Tone_Test_1200_Hz.dir/main.cpp.obj (symbol from plugin)
TUV_K5Display::SetPixel(unsigned char, unsigned char) const src/Single_Tone_Test_1200_Hz/CMakeFiles/Single_Tone_Test_1200_Hz.dir/main.cpp.obj (symbol from plugin)
TUV_K5Small::GetRaw(char) const                   src/Single_Tone_Test_1200_Hz/CMakeFiles/Single_Tone_Test_1200_Hz.dir/main.cpp.obj (symbol from plugin)
TUV_K5Small::GetSizeY(char) const                 src/Single_Tone_Test_1200_Hz/CMakeFiles/Single_Tone_Test_1200_Hz.dir/main.cpp.obj (symbol from plugin)
TUV_K5SmallNumbers::GetPixel(char, unsigned char, unsigned char) const src/Single_Tone_Test_1200_Hz/CMakeFiles/Single_Tone_Test_1200_Hz.dir/main.cpp.obj (symbol from plugin)
TUV_K5SmallNumbers::GetRaw(char) const            src/Single_Tone_Test_1200_Hz/CMakeFiles/Single_Tone_Test_1200_Hz.dir/main.cpp.obj (symbol from plugin)
TUV_K5SmallNumbers::GetSizeX(char) const          src/Single_Tone_Test_1200_Hz/CMakeFiles/Single_Tone_Test_1200_Hz.dir/main.cpp.obj (symbol from plugin)
TUV_K5SmallNumbers::GetSizeY(char) const          src/Single_Tone_Test_1200_Hz/CMakeFiles/Single_Tone_Test_1200_Hz.dir/main.cpp.obj (symbol from plugin)
UpdateStatusBar                                   libs/k5_uv_system/libuv_k5_system.a(api.s.obj)
VectorTable                                       libs/k5_uv_system/libuv_k5_system.a(vtable.s.obj)
WriteSerialData                                   libs/k5_uv_system/libuv_k5_system.a(api.s.obj)
__bss_end__                                       c:/progra~2/gnuarm~1/102021~1.10/bin/../lib/gcc/arm-none-eabi/10.3.1/../../../../arm-none-eabi/lib/thumb/v6-m/nofp/crt0.o
__bss_start__                                     c:/progra~2/gnuarm~1/102021~1.10/bin/../lib/gcc/arm-none-eabi/10.3.1/../../../../arm-none-eabi/lib/thumb/v6-m/nofp/crt0.o
__call_exitprocs                                  c:/progra~2/gnuarm~1/102021~1.10/bin/../lib/gcc/arm-none-eabi/10.3.1/../../../../arm-none-eabi/lib/thumb/v6-m/nofp\libc_nano.a(lib_a-exit.o)
__deregister_frame_info                           c:/progra~2/gnuarm~1/102021~1.10/bin/../lib/gcc/arm-none-eabi/10.3.1/thumb/v6-m/nofp/crtbegin.o
__dso_handle                                      c:/progra~2/gnuarm~1/102021~1.10/bin/../lib/gcc/arm-none-eabi/10.3.1/thumb/v6-m/nofp/crtbegin.o
__init_array_end                                  c:/progra~2/gnuarm~1/102021~1.10/bin/../lib/gcc/arm-none-eabi/10.3.1/../../../../arm-none-eabi/lib/thumb/v6-m/nofp\libc_nano.a(lib_a-init.o)
__init_array_start                                c:/progra~2/gnuarm~1/102021~1.10/bin/../lib/gcc/arm-none-eabi/10.3.1/../../../../arm-none-eabi/lib/thumb/v6-m/nofp\libc_nano.a(lib_a-init.o)
__libc_fini_array                                 c:/progra~2/gnuarm~1/102021~1.10/bin/../lib/gcc/arm-none-eabi/10.3.1/../../../../arm-none-eabi/lib/thumb/v6-m/nofp/crt0.o
__libc_init_array                                 c:/progra~2/gnuarm~1/102021~1.10/bin/../lib/gcc/arm-none-eabi/10.3.1/../../../../arm-none-eabi/lib/thumb/v6-m/nofp\libc_nano.a(lib_a-init.o)
                                                  C:\Users\nsv47\AppData\Local\Temp\Single_Tone_Test_1200_Hz.vkqTbn.ltrans0.ltrans.o
                                                  src/Single_Tone_Test_1200_Hz/CMakeFiles/Single_Tone_Test_1200_Hz.dir/main.cpp.obj (symbol from plugin)
                                                  c:/progra~2/gnuarm~1/102021~1.10/bin/../lib/gcc/arm-none-eabi/10.3.1/../../../../arm-none-eabi/lib/thumb/v6-m/nofp/crt0.o
__preinit_array_end                               c:/progra~2/gnuarm~1/102021~1.10/bin/../lib/gcc/arm-none-eabi/10.3.1/../../../../arm-none-eabi/lib/thumb/v6-m/nofp\libc_nano.a(lib_a-init.o)
__preinit_array_start                             c:/progra~2/gnuarm~1/102021~1.10/bin/../lib/gcc/arm-none-eabi/10.3.1/../../../../arm-none-eabi/lib/thumb/v6-m/nofp\libc_nano.a(lib_a-init.o)
__register_frame_info                             c:/progra~2/gnuarm~1/102021~1.10/bin/../lib/gcc/arm-none-eabi/10.3.1/thumb/v6-m/nofp/crtbegin.o
__sf_fake_stderr                                  c:/progra~2/gnuarm~1/102021~1.10/bin/../lib/gcc/arm-none-eabi/10.3.1/../../../../arm-none-eabi/lib/thumb/v6-m/nofp\libc_nano.a(lib_a-impure.o)
__sf_fake_stdin                                   c:/progra~2/gnuarm~1/102021~1.10/bin/../lib/gcc/arm-none-eabi/10.3.1/../../../../arm-none-eabi/lib/thumb/v6-m/nofp\libc_nano.a(lib_a-impure.o)
__sf_fake_stdout                                  c:/progra~2/gnuarm~1/102021~1.10/bin/../lib/gcc/arm-none-eabi/10.3.1/../../../../arm-none-eabi/lib/thumb/v6-m/nofp\libc_nano.a(lib_a-impure.o)
__stack                                           c:/progra~2/gnuarm~1/102021~1.10/bin/../lib/gcc/arm-none-eabi/10.3.1/../../../../arm-none-eabi/lib/thumb/v6-m/nofp/crt0.o
__wrap___udivsi3                                  libs/k5_uv_system/libuv_k5_system.a(system.cpp.obj)
_binary_org_bootloader_bin_end                    src/orginal_fw/org_bootloader.o
_binary_org_bootloader_bin_size                   src/orginal_fw/org_bootloader.o
_binary_org_bootloader_bin_start                  src/orginal_fw/org_bootloader.o
_binary_org_fw_rest_bin_end                       src/orginal_fw/org_fw_rest.o
_binary_org_fw_rest_bin_size                      src/orginal_fw/org_fw_rest.o
_binary_org_fw_rest_bin_start                     src/orginal_fw/org_fw_rest.o
_binary_org_vectors_bin_end                       src/orginal_fw/org_vectors.o
_binary_org_vectors_bin_size                      src/orginal_fw/org_vectors.o
_binary_org_vectors_bin_start                     src/orginal_fw/org_vectors.o
_edata                                            libs/k5_uv_system/libuv_k5_system.a(system.cpp.obj)
_estack                                           libs/k5_uv_system/libuv_k5_system.a(vtable.s.obj)
                                                  src/Single_Tone_Test_1200_Hz/CMakeFiles/Single_Tone_Test_1200_Hz.dir/dp32g030.s.obj
_exit                                             c:/progra~2/gnuarm~1/102021~1.10/bin/../lib/gcc/arm-none-eabi/10.3.1/../../../../arm-none-eabi/lib/thumb/v6-m/nofp\libc_nano.a(lib_a-exit.o)
_fini                                             c:/progra~2/gnuarm~1/102021~1.10/bin/../lib/gcc/arm-none-eabi/10.3.1/thumb/v6-m/nofp/crti.o
_global_impure_ptr                                c:/progra~2/gnuarm~1/102021~1.10/bin/../lib/gcc/arm-none-eabi/10.3.1/../../../../arm-none-eabi/lib/thumb/v6-m/nofp\libc_nano.a(lib_a-impure.o)
                                                  c:/progra~2/gnuarm~1/102021~1.10/bin/../lib/gcc/arm-none-eabi/10.3.1/../../../../arm-none-eabi/lib/thumb/v6-m/nofp\libc_nano.a(lib_a-exit.o)
_impure_ptr                                       c:/progra~2/gnuarm~1/102021~1.10/bin/../lib/gcc/arm-none-eabi/10.3.1/../../../../arm-none-eabi/lib/thumb/v6-m/nofp\libc_nano.a(lib_a-impure.o)
_init                                             c:/progra~2/gnuarm~1/102021~1.10/bin/../lib/gcc/arm-none-eabi/10.3.1/thumb/v6-m/nofp/crti.o
                                                  c:/progra~2/gnuarm~1/102021~1.10/bin/../lib/gcc/arm-none-eabi/10.3.1/../../../../arm-none-eabi/lib/thumb/v6-m/nofp\libc_nano.a(lib_a-init.o)
_mainCRTStartup                                   c:/progra~2/gnuarm~1/102021~1.10/bin/../lib/gcc/arm-none-eabi/10.3.1/../../../../arm-none-eabi/lib/thumb/v6-m/nofp/crt0.o
_sdata                                            libs/k5_uv_system/libuv_k5_system.a(system.cpp.obj)
_sidata                                           libs/k5_uv_system/libuv_k5_system.a(system.cpp.obj)
_stack_init                                       c:/progra~2/gnuarm~1/102021~1.10/bin/../lib/gcc/arm-none-eabi/10.3.1/../../../../arm-none-eabi/lib/thumb/v6-m/nofp/crt0.o
_start                                            c:/progra~2/gnuarm~1/102021~1.10/bin/../lib/gcc/arm-none-eabi/10.3.1/../../../../arm-none-eabi/lib/thumb/v6-m/nofp/crt0.o
atexit                                            c:/progra~2/gnuarm~1/102021~1.10/bin/../lib/gcc/arm-none-eabi/10.3.1/../../../../arm-none-eabi/lib/thumb/v6-m/nofp/crt0.o
exit                                              c:/progra~2/gnuarm~1/102021~1.10/bin/../lib/gcc/arm-none-eabi/10.3.1/../../../../arm-none-eabi/lib/thumb/v6-m/nofp\libc_nano.a(lib_a-exit.o)
                                                  c:/progra~2/gnuarm~1/102021~1.10/bin/../lib/gcc/arm-none-eabi/10.3.1/../../../../arm-none-eabi/lib/thumb/v6-m/nofp/crt0.o
gDisplayBuffer                                    libs/k5_uv_system/libuv_k5_system.a(api.s.obj)
                                                  C:\Users\nsv47\AppData\Local\Temp\Single_Tone_Test_1200_Hz.vkqTbn.ltrans0.ltrans.o
                                                  src/Single_Tone_Test_1200_Hz/CMakeFiles/Single_Tone_Test_1200_Hz.dir/main.cpp.obj (symbol from plugin)
gFlashLightStatus                                 libs/k5_uv_system/libuv_k5_system.a(api.s.obj)
gSmallDigs                                        libs/k5_uv_system/libuv_k5_system.a(api.s.obj)
                                                  C:\Users\nsv47\AppData\Local\Temp\Single_Tone_Test_1200_Hz.vkqTbn.ltrans0.ltrans.o
                                                  src/Single_Tone_Test_1200_Hz/CMakeFiles/Single_Tone_Test_1200_Hz.dir/main.cpp.obj (symbol from plugin)
gSmallLeters                                      libs/k5_uv_system/libuv_k5_system.a(api.s.obj)
gStatusBarData                                    libs/k5_uv_system/libuv_k5_system.a(api.s.obj)
gVoltage                                          libs/k5_uv_system/libuv_k5_system.a(api.s.obj)
hardware_init_hook                                c:/progra~2/gnuarm~1/102021~1.10/bin/../lib/gcc/arm-none-eabi/10.3.1/../../../../arm-none-eabi/lib/thumb/v6-m/nofp/crt0.o
main                                              C:\Users\nsv47\AppData\Local\Temp\Single_Tone_Test_1200_Hz.vkqTbn.ltrans0.ltrans.o
                                                  src/Single_Tone_Test_1200_Hz/CMakeFiles/Single_Tone_Test_1200_Hz.dir/main.cpp.obj (symbol from plugin)
                                                  src/Single_Tone_Test_1200_Hz/CMakeFiles/Single_Tone_Test_1200_Hz.dir/dp32g030.s.obj
                                                  c:/progra~2/gnuarm~1/102021~1.10/bin/../lib/gcc/arm-none-eabi/10.3.1/../../../../arm-none-eabi/lib/thumb/v6-m/nofp/crt0.o
memcpy                                            c:/progra~2/gnuarm~1/102021~1.10/bin/../lib/gcc/arm-none-eabi/10.3.1/../../../../arm-none-eabi/lib/thumb/v6-m/nofp\libc_nano.a(lib_a-memcpy-stub.o)
                                                  C:\Users\nsv47\AppData\Local\Temp\Single_Tone_Test_1200_Hz.vkqTbn.ltrans0.ltrans.o
                                                  libs/k5_uv_system/libuv_k5_system.a(system.cpp.obj)
memset                                            c:/progra~2/gnuarm~1/102021~1.10/bin/../lib/gcc/arm-none-eabi/10.3.1/../../../../arm-none-eabi/lib/thumb/v6-m/nofp\libc_nano.a(lib_a-memset.o)
                                                  C:\Users\nsv47\AppData\Local\Temp\Single_Tone_Test_1200_Hz.vkqTbn.ltrans0.ltrans.o
                                                  c:/progra~2/gnuarm~1/102021~1.10/bin/../lib/gcc/arm-none-eabi/10.3.1/../../../../arm-none-eabi/lib/thumb/v6-m/nofp/crt0.o
software_init_hook                                c:/progra~2/gnuarm~1/102021~1.10/bin/../lib/gcc/arm-none-eabi/10.3.1/../../../../arm-none-eabi/lib/thumb/v6-m/nofp/crt0.o
vtable for TUV_K5Display                          src/Single_Tone_Test_1200_Hz/CMakeFiles/Single_Tone_Test_1200_Hz.dir/main.cpp.obj (symbol from plugin)
vtable for TUV_K5SmallNumbers                     src/Single_Tone_Test_1200_Hz/CMakeFiles/Single_Tone_Test_1200_Hz.dir/main.cpp.obj (symbol from plugin)
